C:\eclipse-workspace\yy-publicity\admin\src\main\java\com\ronllan\modules\security\config\FilterConfig.java
C:\eclipse-workspace\yy-publicity\admin\src\main\java\com\ronllan\modules\sys\entity\SysOnlineEntity.java
C:\eclipse-workspace\yy-publicity\admin\src\main\java\com\ronllan\modules\log\excel\SysLogLoginExcel.java
C:\eclipse-workspace\yy-publicity\admin\src\main\java\com\ronllan\modules\pub\service\impl\PubMediumServiceImpl.java
C:\eclipse-workspace\yy-publicity\admin\src\main\java\com\ronllan\modules\pub\service\impl\PubArticleHireServiceImpl.java
C:\eclipse-workspace\yy-publicity\admin\src\main\java\com\ronllan\modules\sys\enums\SuperAdminEnum.java
C:\eclipse-workspace\yy-publicity\admin\src\main\java\com\ronllan\modules\log\excel\converter\SysLogOperationConverter.java
C:\eclipse-workspace\yy-publicity\admin\src\main\java\com\ronllan\modules\security\config\WebMvcConfig.java
C:\eclipse-workspace\yy-publicity\admin\src\main\java\com\ronllan\modules\pub\dto\PubArticleAttachmentDto.java
C:\eclipse-workspace\yy-publicity\admin\src\main\java\com\ronllan\modules\sys\entity\SysUserPostEntity.java
C:\eclipse-workspace\yy-publicity\admin\src\main\java\com\ronllan\modules\sys\dao\SysDictTypeDao.java
C:\eclipse-workspace\yy-publicity\admin\src\main\java\com\ronllan\modules\security\service\impl\ShiroServiceImpl.java
C:\eclipse-workspace\yy-publicity\admin\src\main\java\com\ronllan\websocket\data\WebSocketData.java
C:\eclipse-workspace\yy-publicity\admin\src\main\java\com\ronllan\modules\job\dto\ScheduleJobDTO.java
C:\eclipse-workspace\yy-publicity\admin\src\main\java\com\ronllan\modules\sys\entity\SysRoleDataScopeEntity.java
C:\eclipse-workspace\yy-publicity\admin\src\main\java\com\ronllan\modules\job\task\TestTask.java
C:\eclipse-workspace\yy-publicity\admin\src\main\java\com\ronllan\modules\pub\dto\PubMediumSectorDto.java
C:\eclipse-workspace\yy-publicity\admin\src\main\java\com\ronllan\modules\sys\excel\converter\GenderConverter.java
C:\eclipse-workspace\yy-publicity\admin\src\main\java\com\ronllan\modules\log\enums\LoginOperationEnum.java
C:\eclipse-workspace\yy-publicity\admin\src\main\java\com\ronllan\modules\security\password\PasswordEncoder.java
C:\eclipse-workspace\yy-publicity\admin\src\main\java\com\ronllan\modules\sys\dao\SysUserDao.java
C:\eclipse-workspace\yy-publicity\admin\src\main\java\com\ronllan\modules\job\service\impl\ScheduleJobServiceImpl.java
C:\eclipse-workspace\yy-publicity\admin\src\main\java\com\ronllan\modules\pub\dao\PubMediumSectorDao.java
C:\eclipse-workspace\yy-publicity\admin\src\main\java\com\ronllan\modules\sys\dao\SysDictDataDao.java
C:\eclipse-workspace\yy-publicity\admin\src\main\java\com\ronllan\modules\job\dao\ScheduleJobLogDao.java
C:\eclipse-workspace\yy-publicity\admin\src\main\java\com\ronllan\modules\pub\service\impl\PubMediumSectorServiceImpl.java
C:\eclipse-workspace\yy-publicity\admin\src\main\java\com\ronllan\modules\sys\dto\SysRoleDto.java
C:\eclipse-workspace\yy-publicity\admin\src\main\java\com\ronllan\common\exception\DefineExceptionHandler.java
C:\eclipse-workspace\yy-publicity\admin\src\main\java\com\ronllan\common\aspect\DataFilterAspect.java
C:\eclipse-workspace\yy-publicity\admin\src\main\java\com\ronllan\modules\sys\controller\SysDictTypeController.java
C:\eclipse-workspace\yy-publicity\admin\src\main\java\com\ronllan\modules\sys\dto\SysUserDto.java
C:\eclipse-workspace\yy-publicity\admin\src\main\java\com\ronllan\modules\log\entity\SysLogOperationEntity.java
C:\eclipse-workspace\yy-publicity\admin\src\main\java\com\ronllan\modules\job\utils\ScheduleUtils.java
C:\eclipse-workspace\yy-publicity\admin\src\main\java\com\ronllan\modules\sys\controller\SysMenuController.java
C:\eclipse-workspace\yy-publicity\admin\src\main\java\com\ronllan\modules\pub\service\PubArticleService.java
C:\eclipse-workspace\yy-publicity\admin\src\main\java\com\ronllan\modules\pub\dto\PubFocusDto.java
C:\eclipse-workspace\yy-publicity\admin\src\main\java\com\ronllan\modules\pub\dao\PubMediumDao.java
C:\eclipse-workspace\yy-publicity\admin\src\main\java\com\ronllan\modules\job\dto\ScheduleJobLogDTO.java
C:\eclipse-workspace\yy-publicity\admin\src\main\java\com\ronllan\modules\sys\service\SysRoleUserService.java
C:\eclipse-workspace\yy-publicity\admin\src\main\java\com\ronllan\common\dict\BaseDict.java
C:\eclipse-workspace\yy-publicity\admin\src\main\java\com\ronllan\modules\pub\entity\PubArticleEntity.java
C:\eclipse-workspace\yy-publicity\admin\src\main\java\com\ronllan\modules\pub\controller\PubArticleNewsController.java
C:\eclipse-workspace\yy-publicity\admin\src\main\java\com\ronllan\common\validator\group\QiniuGroup.java
C:\eclipse-workspace\yy-publicity\admin\src\main\java\com\ronllan\modules\log\service\SysLogOperationService.java
C:\eclipse-workspace\yy-publicity\admin\src\main\java\com\ronllan\modules\log\excel\SysLogErrorExcel.java
C:\eclipse-workspace\yy-publicity\admin\src\main\java\com\ronllan\modules\sys\service\impl\SysDictDataServiceImpl.java
C:\eclipse-workspace\yy-publicity\admin\src\main\java\com\ronllan\modules\security\password\BCryptPasswordEncoder.java
C:\eclipse-workspace\yy-publicity\admin\src\main\java\com\ronllan\modules\sys\service\SysRoleMenuService.java
C:\eclipse-workspace\yy-publicity\admin\src\main\java\com\ronllan\modules\pub\service\PubMediumService.java
C:\eclipse-workspace\yy-publicity\admin\src\main\java\com\ronllan\common\utils\ExcelDataListener.java
C:\eclipse-workspace\yy-publicity\admin\src\main\java\com\ronllan\modules\pub\entity\PubArticleHireEntity.java
C:\eclipse-workspace\yy-publicity\admin\src\main\java\com\ronllan\modules\pub\service\impl\PubFocusServiceImpl.java
C:\eclipse-workspace\yy-publicity\admin\src\main\java\com\ronllan\modules\sys\enums\UserStatusEnum.java
C:\eclipse-workspace\yy-publicity\admin\src\main\java\com\ronllan\common\validator\group\FastDFSGroup.java
C:\eclipse-workspace\yy-publicity\admin\src\main\java\com\ronllan\modules\pub\controller\PubArticleClueController.java
C:\eclipse-workspace\yy-publicity\admin\src\main\java\com\ronllan\modules\security\oauth2\Oauth2Token.java
C:\eclipse-workspace\yy-publicity\admin\src\main\java\com\ronllan\websocket\WebSocketServer.java
C:\eclipse-workspace\yy-publicity\admin\src\main\java\com\ronllan\common\validator\group\MinioGroup.java
C:\eclipse-workspace\yy-publicity\admin\src\main\java\com\ronllan\modules\job\entity\ScheduleJobLogEntity.java
C:\eclipse-workspace\yy-publicity\admin\src\main\java\com\ronllan\modules\pub\dao\PubArticleHireDao.java
C:\eclipse-workspace\yy-publicity\admin\src\main\java\com\ronllan\modules\security\user\SecurityUser.java
C:\eclipse-workspace\yy-publicity\admin\src\main\java\com\ronllan\modules\log\dao\SysLogErrorDao.java
C:\eclipse-workspace\yy-publicity\admin\src\main\java\com\ronllan\modules\log\dto\SysLogLoginDTO.java
C:\eclipse-workspace\yy-publicity\admin\src\main\java\com\ronllan\modules\security\service\impl\CaptchaServiceImpl.java
C:\eclipse-workspace\yy-publicity\admin\src\main\java\com\ronllan\modules\job\service\impl\ScheduleJobLogServiceImpl.java
C:\eclipse-workspace\yy-publicity\admin\src\main\java\com\ronllan\modules\sys\excel\SysUserExcel.java
C:\eclipse-workspace\yy-publicity\admin\src\main\java\com\ronllan\modules\sys\service\SysRoleDataScopeService.java
C:\eclipse-workspace\yy-publicity\admin\src\main\java\com\ronllan\modules\sys\service\impl\SysRoleDataScopeServiceImpl.java
C:\eclipse-workspace\yy-publicity\admin\src\main\java\com\ronllan\modules\log\service\SysLogErrorService.java
C:\eclipse-workspace\yy-publicity\admin\src\main\java\com\ronllan\modules\security\oauth2\TokenGenerator.java
C:\eclipse-workspace\yy-publicity\admin\src\main\java\com\ronllan\modules\sys\controller\SysRoleController.java
C:\eclipse-workspace\yy-publicity\admin\src\main\java\com\ronllan\modules\sys\entity\SysDictTypeEntity.java
C:\eclipse-workspace\yy-publicity\admin\src\main\java\com\ronllan\modules\log\service\SysLogLoginService.java
C:\eclipse-workspace\yy-publicity\admin\src\main\java\com\ronllan\modules\sys\dao\SysMenuDao.java
C:\eclipse-workspace\yy-publicity\admin\src\main\java\com\ronllan\modules\sys\dao\SysLanguageDao.java
C:\eclipse-workspace\yy-publicity\admin\src\main\java\com\ronllan\common\validator\group\QcloudGroup.java
C:\eclipse-workspace\yy-publicity\admin\src\main\java\com\ronllan\modules\sys\entity\SysRoleEntity.java
C:\eclipse-workspace\yy-publicity\admin\src\main\java\com\ronllan\modules\sys\dto\SysDictTypeDto.java
C:\eclipse-workspace\yy-publicity\admin\src\main\java\com\ronllan\modules\sys\dto\SysMenuDto.java
C:\eclipse-workspace\yy-publicity\admin\src\main\java\com\ronllan\modules\sys\service\impl\SysRoleServiceImpl.java
C:\eclipse-workspace\yy-publicity\admin\src\main\java\com\ronllan\common\annotation\DataFilter.java
C:\eclipse-workspace\yy-publicity\admin\src\main\java\com\ronllan\common\validator\group\AliyunGroup.java
C:\eclipse-workspace\yy-publicity\admin\src\main\java\com\ronllan\modules\log\excel\converter\SysLogStatusConverter.java
C:\eclipse-workspace\yy-publicity\admin\src\main\java\com\ronllan\modules\sys\enums\MenuTypeEnum.java
C:\eclipse-workspace\yy-publicity\admin\src\main\java\com\ronllan\modules\sys\entity\SysRoleMenuEntity.java
C:\eclipse-workspace\yy-publicity\admin\src\main\java\com\ronllan\common\handler\FieldMetaObjectHandler.java
C:\eclipse-workspace\yy-publicity\admin\src\main\java\com\ronllan\modules\sys\dto\SysDeptDto.java
C:\eclipse-workspace\yy-publicity\admin\src\main\java\com\ronllan\modules\job\service\ScheduleJobLogService.java
C:\eclipse-workspace\yy-publicity\admin\src\main\java\com\ronllan\modules\pub\controller\PubFocusController.java
C:\eclipse-workspace\yy-publicity\admin\src\main\java\com\ronllan\modules\sys\dao\SysDeptDao.java
C:\eclipse-workspace\yy-publicity\admin\src\main\java\com\ronllan\common\aspect\LogOperationAspect.java
C:\eclipse-workspace\yy-publicity\admin\src\main\java\com\ronllan\modules\log\controller\SysLogErrorController.java
C:\eclipse-workspace\yy-publicity\admin\src\main\java\com\ronllan\modules\log\service\impl\SysLogLoginServiceImpl.java
C:\eclipse-workspace\yy-publicity\admin\src\main\java\com\ronllan\modules\pub\controller\PubMediumSectorController.java
C:\eclipse-workspace\yy-publicity\admin\src\main\java\com\ronllan\modules\job\service\ScheduleJobService.java
C:\eclipse-workspace\yy-publicity\admin\src\main\java\com\ronllan\modules\sys\controller\SysUserController.java
C:\eclipse-workspace\yy-publicity\admin\src\main\java\com\ronllan\common\interceptor\DataFilterInterceptor.java
C:\eclipse-workspace\yy-publicity\admin\src\main\java\com\ronllan\modules\job\utils\ScheduleJob.java
C:\eclipse-workspace\yy-publicity\admin\src\main\java\com\ronllan\common\config\MybatisPlusConfig.java
C:\eclipse-workspace\yy-publicity\admin\src\main\java\com\ronllan\modules\sys\dto\SysDictDataDto.java
C:\eclipse-workspace\yy-publicity\admin\src\main\java\com\ronllan\common\validator\group\LocalGroup.java
C:\eclipse-workspace\yy-publicity\admin\src\main\java\com\ronllan\modules\security\config\ShiroConfig.java
C:\eclipse-workspace\yy-publicity\admin\src\main\java\com\ronllan\modules\sys\controller\SysOnlineController.java
C:\eclipse-workspace\yy-publicity\admin\src\main\java\com\ronllan\modules\sys\service\impl\SysRoleMenuServiceImpl.java
C:\eclipse-workspace\yy-publicity\admin\src\main\java\com\ronllan\common\utils\ExcelUtils.java
C:\eclipse-workspace\yy-publicity\admin\src\main\java\com\ronllan\modules\pub\entity\PubMediumSectorEntity.java
C:\eclipse-workspace\yy-publicity\admin\src\main\java\com\ronllan\common\config\SwaggerConfig.java
C:\eclipse-workspace\yy-publicity\admin\src\main\java\com\ronllan\modules\sys\service\SysLanguageService.java
C:\eclipse-workspace\yy-publicity\admin\src\main\java\com\ronllan\modules\pub\service\PubMediumSectorService.java
C:\eclipse-workspace\yy-publicity\admin\src\main\java\com\ronllan\modules\job\config\ScheduleConfig.java
C:\eclipse-workspace\yy-publicity\admin\src\main\java\com\ronllan\modules\log\enums\LoginStatusEnum.java
C:\eclipse-workspace\yy-publicity\admin\src\main\java\com\ronllan\modules\sys\entity\SysUserEntity.java
C:\eclipse-workspace\yy-publicity\admin\src\main\java\com\ronllan\modules\log\dto\SysLogOperationDTO.java
C:\eclipse-workspace\yy-publicity\admin\src\main\java\com\ronllan\modules\security\entity\SysUserTokenEntity.java
C:\eclipse-workspace\yy-publicity\admin\src\main\java\com\ronllan\modules\sys\dto\PasswordDto.java
C:\eclipse-workspace\yy-publicity\admin\src\main\java\com\ronllan\modules\sys\service\impl\SysMenuServiceImpl.java
C:\eclipse-workspace\yy-publicity\admin\src\main\java\com\ronllan\modules\sys\entity\SysDeptEntity.java
C:\eclipse-workspace\yy-publicity\admin\src\main\java\com\ronllan\modules\log\dao\SysLogOperationDao.java
C:\eclipse-workspace\yy-publicity\admin\src\main\java\com\ronllan\modules\log\controller\SysLogOperationController.java
C:\eclipse-workspace\yy-publicity\admin\src\main\java\com\ronllan\modules\security\dao\SysUserTokenDao.java
C:\eclipse-workspace\yy-publicity\admin\src\main\java\com\ronllan\modules\sys\service\SysRoleService.java
C:\eclipse-workspace\yy-publicity\admin\src\main\java\com\ronllan\modules\log\controller\SysLogLoginController.java
C:\eclipse-workspace\yy-publicity\admin\src\main\java\com\ronllan\modules\job\entity\ScheduleJobEntity.java
C:\eclipse-workspace\yy-publicity\admin\src\main\java\com\ronllan\modules\pub\service\PubArticleHireService.java
C:\eclipse-workspace\yy-publicity\admin\src\main\java\com\ronllan\modules\job\controller\ScheduleJobController.java
C:\eclipse-workspace\yy-publicity\admin\src\main\java\com\ronllan\modules\pub\entity\PubFocusEntity.java
C:\eclipse-workspace\yy-publicity\admin\src\main\java\com\ronllan\modules\pub\dao\PubArticleDao.java
C:\eclipse-workspace\yy-publicity\admin\src\main\java\com\ronllan\modules\log\service\impl\SysLogErrorServiceImpl.java
C:\eclipse-workspace\yy-publicity\admin\src\main\java\com\ronllan\modules\pub\dao\PubFocusDao.java
C:\eclipse-workspace\yy-publicity\admin\src\main\java\com\ronllan\modules\sys\entity\SysLanguageEntity.java
C:\eclipse-workspace\yy-publicity\admin\src\main\java\com\ronllan\modules\security\dto\LoginDTO.java
C:\eclipse-workspace\yy-publicity\admin\src\main\java\com\ronllan\modules\security\service\ShiroService.java
C:\eclipse-workspace\yy-publicity\admin\src\main\java\com\ronllan\modules\sys\controller\SystemController.java
C:\eclipse-workspace\yy-publicity\admin\src\main\java\com\ronllan\modules\pub\dto\PubArticleDto.java
C:\eclipse-workspace\yy-publicity\admin\src\main\java\com\ronllan\modules\security\password\PasswordUtils.java
C:\eclipse-workspace\yy-publicity\admin\src\main\java\com\ronllan\modules\sys\entity\SysMenuEntity.java
C:\eclipse-workspace\yy-publicity\admin\src\main\java\com\ronllan\modules\log\dto\SysLogErrorDTO.java
C:\eclipse-workspace\yy-publicity\admin\src\main\java\com\ronllan\modules\sys\controller\SysDictDataController.java
C:\eclipse-workspace\yy-publicity\admin\src\main\java\com\ronllan\common\interceptor\DataScope.java
C:\eclipse-workspace\yy-publicity\admin\src\main\java\com\ronllan\modules\sys\dao\SysRoleDao.java
C:\eclipse-workspace\yy-publicity\admin\src\main\java\com\ronllan\modules\job\dao\ScheduleJobDao.java
C:\eclipse-workspace\yy-publicity\admin\src\main\java\com\ronllan\modules\pub\dao\PubArticleAttachmentDao.java
C:\eclipse-workspace\yy-publicity\admin\src\main\java\com\ronllan\modules\security\service\CaptchaService.java
C:\eclipse-workspace\yy-publicity\admin\src\main\java\com\ronllan\modules\sys\service\SysUserService.java
C:\eclipse-workspace\yy-publicity\admin\src\main\java\com\ronllan\modules\sys\service\impl\SysDictTypeServiceImpl.java
C:\eclipse-workspace\yy-publicity\admin\src\main\java\com\ronllan\modules\pub\service\impl\PubArticleServiceImpl.java
C:\eclipse-workspace\yy-publicity\admin\src\main\java\com\ronllan\modules\pub\dto\PubMediumDto.java
C:\eclipse-workspace\yy-publicity\admin\src\main\java\com\ronllan\modules\sys\service\impl\SysUserServiceImpl.java
C:\eclipse-workspace\yy-publicity\admin\src\main\java\com\ronllan\modules\sys\controller\SysDeptController.java
C:\eclipse-workspace\yy-publicity\admin\src\main\java\com\ronllan\modules\pub\service\impl\PubArticleAttachmentServiceImpl.java
C:\eclipse-workspace\yy-publicity\admin\src\main\java\com\ronllan\modules\pub\entity\PubMediumEntity.java
C:\eclipse-workspace\yy-publicity\admin\src\main\java\com\ronllan\modules\pub\service\PubFocusService.java
C:\eclipse-workspace\yy-publicity\admin\src\main\java\com\ronllan\modules\sys\excel\converter\StatusConverter.java
C:\eclipse-workspace\yy-publicity\admin\src\main\java\com\ronllan\modules\pub\controller\PubMediumController.java
C:\eclipse-workspace\yy-publicity\admin\src\main\java\com\ronllan\modules\log\dao\SysLogLoginDao.java
C:\eclipse-workspace\yy-publicity\admin\src\main\java\com\ronllan\modules\sys\service\impl\SysLanguageServiceImpl.java
C:\eclipse-workspace\yy-publicity\admin\src\main\java\com\ronllan\modules\log\excel\SysLogOperationExcel.java
C:\eclipse-workspace\yy-publicity\admin\src\main\java\com\ronllan\modules\security\service\impl\SysUserTokenServiceImpl.java
C:\eclipse-workspace\yy-publicity\admin\src\main\java\com\ronllan\modules\sys\service\SysDictTypeService.java
C:\eclipse-workspace\yy-publicity\admin\src\main\java\com\ronllan\modules\sys\service\impl\SysDeptServiceImpl.java
C:\eclipse-workspace\yy-publicity\admin\src\main\java\com\ronllan\modules\job\controller\ScheduleJobLogController.java
C:\eclipse-workspace\yy-publicity\admin\src\main\java\com\ronllan\modules\security\oauth2\Oauth2Realm.java
C:\eclipse-workspace\yy-publicity\admin\src\main\java\com\ronllan\modules\sys\entity\SysRoleUserEntity.java
C:\eclipse-workspace\yy-publicity\admin\src\main\java\com\ronllan\modules\log\enums\OperationStatusEnum.java
C:\eclipse-workspace\yy-publicity\admin\src\main\java\com\ronllan\modules\job\init\JobCommandLineRunner.java
C:\eclipse-workspace\yy-publicity\admin\src\main\java\com\ronllan\modules\log\service\impl\SysLogOperationServiceImpl.java
C:\eclipse-workspace\yy-publicity\admin\src\main\java\com\ronllan\modules\pub\entity\PubArticleAttachmentEntity.java
C:\eclipse-workspace\yy-publicity\admin\src\main\java\com\ronllan\modules\security\controller\LoginController.java
C:\eclipse-workspace\yy-publicity\admin\src\main\java\com\ronllan\modules\log\entity\SysLogErrorEntity.java
C:\eclipse-workspace\yy-publicity\admin\src\main\java\com\ronllan\modules\sys\service\SysMenuService.java
C:\eclipse-workspace\yy-publicity\admin\src\main\java\com\ronllan\modules\sys\dao\SysRoleUserDao.java
C:\eclipse-workspace\yy-publicity\admin\src\main\java\com\ronllan\modules\job\task\ITask.java
C:\eclipse-workspace\yy-publicity\admin\src\main\java\com\ronllan\modules\sys\service\impl\SysRoleUserServiceImpl.java
C:\eclipse-workspace\yy-publicity\admin\src\main\java\com\ronllan\modules\security\password\BCrypt.java
C:\eclipse-workspace\yy-publicity\admin\src\main\java\com\ronllan\modules\sys\dao\SysRoleMenuDao.java
C:\eclipse-workspace\yy-publicity\admin\src\main\java\com\ronllan\websocket\config\WebSocketConfig.java
C:\eclipse-workspace\yy-publicity\admin\src\main\java\com\ronllan\modules\security\service\SysUserTokenService.java
C:\eclipse-workspace\yy-publicity\admin\src\main\java\com\ronllan\modules\sys\dao\SysUserPostDao.java
C:\eclipse-workspace\yy-publicity\admin\src\main\java\com\ronllan\modules\sys\entity\SysDictDataEntity.java
C:\eclipse-workspace\yy-publicity\admin\src\main\java\com\ronllan\modules\log\entity\SysLogLoginEntity.java
C:\eclipse-workspace\yy-publicity\admin\src\main\java\com\ronllan\AdminApplication.java
C:\eclipse-workspace\yy-publicity\admin\src\main\java\com\ronllan\modules\sys\dto\SystemDto.java
C:\eclipse-workspace\yy-publicity\admin\src\main\java\com\ronllan\modules\pub\service\PubArticleAttachmentService.java
C:\eclipse-workspace\yy-publicity\admin\src\main\java\com\ronllan\modules\sys\service\SysDeptService.java
C:\eclipse-workspace\yy-publicity\admin\src\main\java\com\ronllan\websocket\data\MessageData.java
C:\eclipse-workspace\yy-publicity\admin\src\main\java\com\ronllan\modules\sys\service\SysDictDataService.java
C:\eclipse-workspace\yy-publicity\admin\src\main\java\com\ronllan\common\dict\CharacterDict.java
C:\eclipse-workspace\yy-publicity\admin\src\main\java\com\ronllan\common\annotation\LogOperation.java
C:\eclipse-workspace\yy-publicity\admin\src\main\java\com\ronllan\modules\security\oauth2\Oauth2Filter.java
C:\eclipse-workspace\yy-publicity\admin\src\main\java\com\ronllan\modules\sys\dao\SysRoleDataScopeDao.java
C:\eclipse-workspace\yy-publicity\admin\src\main\java\com\ronllan\modules\pub\dto\PubArticleHireDto.java
