C:\eclipse-workspace\yy-publicity\common\src\main\java\com\ronllan\common\utils\ConvertUtils.java
C:\eclipse-workspace\yy-publicity\common\src\main\java\com\ronllan\common\xss\XssHttpServletRequestWrapper.java
C:\eclipse-workspace\yy-publicity\common\src\main\java\com\ronllan\common\page\PageData.java
C:\eclipse-workspace\yy-publicity\common\src\main\java\com\ronllan\common\constant\Constant.java
C:\eclipse-workspace\yy-publicity\common\src\main\java\com\ronllan\common\utils\IpUtils.java
C:\eclipse-workspace\yy-publicity\common\src\main\java\com\ronllan\common\aspect\RedisAspect.java
C:\eclipse-workspace\yy-publicity\common\src\main\java\com\ronllan\common\utils\BaseUtils.java
C:\eclipse-workspace\yy-publicity\common\src\main\java\com\ronllan\common\validator\AssertUtils.java
C:\eclipse-workspace\yy-publicity\common\src\main\java\com\ronllan\common\entity\BaseEntity.java
C:\eclipse-workspace\yy-publicity\common\src\main\java\com\ronllan\common\service\CrudService.java
C:\eclipse-workspace\yy-publicity\common\src\main\java\com\ronllan\common\xss\XssProperties.java
C:\eclipse-workspace\yy-publicity\common\src\main\java\com\ronllan\common\convert\DateConverter.java
C:\eclipse-workspace\yy-publicity\common\src\main\java\com\ronllan\common\validator\ValidatorUtils.java
C:\eclipse-workspace\yy-publicity\common\src\main\java\com\ronllan\common\xss\XssConfig.java
C:\eclipse-workspace\yy-publicity\common\src\main\java\com\ronllan\common\utils\MessageUtils.java
C:\eclipse-workspace\yy-publicity\common\src\main\java\com\ronllan\common\validator\group\AddGroup.java
C:\eclipse-workspace\yy-publicity\common\src\main\java\com\ronllan\common\exception\DefineException.java
C:\eclipse-workspace\yy-publicity\common\src\main\java\com\ronllan\common\user\UserDetail.java
C:\eclipse-workspace\yy-publicity\common\src\main\java\com\ronllan\common\utils\DateUtils.java
C:\eclipse-workspace\yy-publicity\common\src\main\java\com\ronllan\common\utils\Result.java
C:\eclipse-workspace\yy-publicity\common\src\main\java\com\ronllan\common\service\impl\BaseServiceImpl.java
C:\eclipse-workspace\yy-publicity\common\src\main\java\com\ronllan\common\xss\SqlFilter.java
C:\eclipse-workspace\yy-publicity\common\src\main\java\com\ronllan\common\exception\ExceptionUtils.java
C:\eclipse-workspace\yy-publicity\common\src\main\java\com\ronllan\common\utils\TreeNode.java
C:\eclipse-workspace\yy-publicity\common\src\main\java\com\ronllan\common\dao\BaseDao.java
C:\eclipse-workspace\yy-publicity\common\src\main\java\com\ronllan\common\validator\group\UpdateGroup.java
C:\eclipse-workspace\yy-publicity\common\src\main\java\com\ronllan\common\redis\RedisUtils.java
C:\eclipse-workspace\yy-publicity\common\src\main\java\com\ronllan\common\utils\JsonUtils.java
C:\eclipse-workspace\yy-publicity\common\src\main\java\com\ronllan\common\utils\HttpContextUtils.java
C:\eclipse-workspace\yy-publicity\common\src\main\java\com\ronllan\common\redis\RedisConfig.java
C:\eclipse-workspace\yy-publicity\common\src\main\java\com\ronllan\common\validator\group\DefaultGroup.java
C:\eclipse-workspace\yy-publicity\common\src\main\java\com\ronllan\common\xss\XssUtils.java
C:\eclipse-workspace\yy-publicity\common\src\main\java\com\ronllan\common\utils\TreeUtils.java
C:\eclipse-workspace\yy-publicity\common\src\main\java\com\ronllan\common\service\impl\CrudServiceImpl.java
C:\eclipse-workspace\yy-publicity\common\src\main\java\com\ronllan\common\service\BaseService.java
C:\eclipse-workspace\yy-publicity\common\src\main\java\com\ronllan\common\utils\SpringContextUtils.java
C:\eclipse-workspace\yy-publicity\common\src\main\java\com\ronllan\common\redis\RedisKeys.java
C:\eclipse-workspace\yy-publicity\common\src\main\java\com\ronllan\common\xss\XssFilter.java
C:\eclipse-workspace\yy-publicity\common\src\main\java\com\ronllan\common\exception\ErrorCode.java
C:\eclipse-workspace\yy-publicity\common\src\main\java\com\ronllan\common\validator\group\Group.java
